Archive member included because of file (symbol)

c:/users/kevinc/appdata/local/arduino15/packages/arduino/tools/arm-none-eabi-gcc/4.8.3-2014q1/bin/../lib/gcc/arm-none-eabi/4.8.3/../../../../arm-none-eabi/lib/armv6-m\libc_s.a(lib_a-exit.o)
                              c:/users/kevinc/appdata/local/arduino15/packages/arduino/tools/arm-none-eabi-gcc/4.8.3-2014q1/bin/../lib/gcc/arm-none-eabi/4.8.3/../../../../arm-none-eabi/lib/armv6-m/crt0.o (exit)
c:/users/kevinc/appdata/local/arduino15/packages/arduino/tools/arm-none-eabi-gcc/4.8.3-2014q1/bin/../lib/gcc/arm-none-eabi/4.8.3/../../../../arm-none-eabi/lib/armv6-m\libc_s.a(lib_a-impure.o)
                              c:/users/kevinc/appdata/local/arduino15/packages/arduino/tools/arm-none-eabi-gcc/4.8.3-2014q1/bin/../lib/gcc/arm-none-eabi/4.8.3/../../../../arm-none-eabi/lib/armv6-m\libc_s.a(lib_a-exit.o) (_global_impure_ptr)
c:/users/kevinc/appdata/local/arduino15/packages/arduino/tools/arm-none-eabi-gcc/4.8.3-2014q1/bin/../lib/gcc/arm-none-eabi/4.8.3/../../../../arm-none-eabi/lib/armv6-m\libc_s.a(lib_a-init.o)
                              c:/users/kevinc/appdata/local/arduino15/packages/arduino/tools/arm-none-eabi-gcc/4.8.3-2014q1/bin/../lib/gcc/arm-none-eabi/4.8.3/../../../../arm-none-eabi/lib/armv6-m/crt0.o (__libc_init_array)
c:/users/kevinc/appdata/local/arduino15/packages/arduino/tools/arm-none-eabi-gcc/4.8.3-2014q1/bin/../lib/gcc/arm-none-eabi/4.8.3/../../../../arm-none-eabi/lib/armv6-m\libc_s.a(lib_a-memcpy-stub.o)
                              build/board_driver_usb.o (memcpy)
c:/users/kevinc/appdata/local/arduino15/packages/arduino/tools/arm-none-eabi-gcc/4.8.3-2014q1/bin/../lib/gcc/arm-none-eabi/4.8.3/../../../../arm-none-eabi/lib/armv6-m\libc_s.a(lib_a-memset.o)
                              c:/users/kevinc/appdata/local/arduino15/packages/arduino/tools/arm-none-eabi-gcc/4.8.3-2014q1/bin/../lib/gcc/arm-none-eabi/4.8.3/../../../../arm-none-eabi/lib/armv6-m/crt0.o (memset)
c:/users/kevinc/appdata/local/arduino15/packages/arduino/tools/arm-none-eabi-gcc/4.8.3-2014q1/bin/../lib/gcc/arm-none-eabi/4.8.3/../../../../arm-none-eabi/lib/armv6-m\libc_s.a(lib_a-strlen.o)
                              build/sam_ba_usb.o (strlen)
c:/users/kevinc/appdata/local/arduino15/packages/arduino/tools/arm-none-eabi-gcc/4.8.3-2014q1/bin/../lib/gcc/arm-none-eabi/4.8.3/../../../../arm-none-eabi/lib/armv6-m\libnosys.a(_exit.o)
                              c:/users/kevinc/appdata/local/arduino15/packages/arduino/tools/arm-none-eabi-gcc/4.8.3-2014q1/bin/../lib/gcc/arm-none-eabi/4.8.3/../../../../arm-none-eabi/lib/armv6-m\libc_s.a(lib_a-exit.o) (_exit)

Allocating common symbols
Common symbol       size              file

b_sharp_received    0x1               build/sam_ba_serial.o
udd_ep_out_cache_buffer
                    0x80              build/board_driver_usb.o
j                   0x1               build/sam_ba_monitor.o
udd_ep_in_cache_buffer
                    0x80              build/board_driver_usb.o
idx_rx_write        0x1               build/sam_ba_serial.o
size_of_data        0x2               build/sam_ba_serial.o
length              0x4               build/sam_ba_monitor.o
ptr                 0x4               build/sam_ba_monitor.o
command             0x1               build/sam_ba_monitor.o
pulSketch_Start_Address
                    0x4               build/main.o
MAX_FLASH           0x4               build/sam_ba_monitor.o
PAGES               0x4               build/sam_ba_monitor.o
idx_tx_read         0x1               build/sam_ba_serial.o
i                   0x4               build/sam_ba_monitor.o
buffer_tx_usart     0x80              build/sam_ba_serial.o
sam_ba_cdc          0xc               build/sam_ba_usb.o
error_timeout       0x1               build/sam_ba_serial.o
usb_endpoint_table  0x80              build/board_driver_usb.o
PAGE_SIZE           0x4               build/sam_ba_monitor.o
data                0x40              build/sam_ba_monitor.o
mode_of_transfer    0x1               build/sam_ba_serial.o
ptr_data            0x4               build/sam_ba_monitor.o
idx_rx_read         0x1               build/sam_ba_serial.o
ptr_monitor_if      0x4               build/sam_ba_monitor.o
sp                  0x4               build/sam_ba_monitor.o
current_number      0x4               build/sam_ba_monitor.o
idx_tx_write        0x1               build/sam_ba_serial.o
u32tmp              0x4               build/sam_ba_monitor.o
buffer_rx_usart     0x80              build/sam_ba_serial.o

Discarded input sections

 .text          0x00000000        0x0 c:/users/kevinc/appdata/local/arduino15/packages/arduino/tools/arm-none-eabi-gcc/4.8.3-2014q1/bin/../lib/gcc/arm-none-eabi/4.8.3/armv6-m/crti.o
 .data          0x00000000        0x0 c:/users/kevinc/appdata/local/arduino15/packages/arduino/tools/arm-none-eabi-gcc/4.8.3-2014q1/bin/../lib/gcc/arm-none-eabi/4.8.3/armv6-m/crti.o
[...]
Memory Configuration

Name             Origin             Length             Attributes
FLASH            0x00000000         0x00002000         xr
RAM              0x20000000         0x00007ffc         xrw
*default*        0x00000000         0xffffffff

Linker script and memory map

LOAD c:/users/kevinc/appdata/local/arduino15/packages/arduino/tools/arm-none-eabi-gcc/4.8.3-2014q1/bin/../lib/gcc/arm-none-eabi/4.8.3/armv6-m/crti.o
LOAD c:/users/kevinc/appdata/local/arduino15/packages/arduino/tools/arm-none-eabi-gcc/4.8.3-2014q1/bin/../lib/gcc/arm-none-eabi/4.8.3/armv6-m/crtbegin.o
LOAD c:/users/kevinc/appdata/local/arduino15/packages/arduino/tools/arm-none-eabi-gcc/4.8.3-2014q1/bin/../lib/gcc/arm-none-eabi/4.8.3/../../../../arm-none-eabi/lib/armv6-m/crt0.o
START GROUP
LOAD build/board_driver_i2c.o
LOAD build/board_driver_led.o
LOAD build/board_driver_pmic.o
LOAD build/board_driver_serial.o
LOAD build/board_driver_usb.o
LOAD build/board_init.o
LOAD build/board_startup.o
LOAD build/main.o
LOAD build/sam_ba_usb.o
LOAD build/sam_ba_cdc.o
LOAD build/sam_ba_monitor.o
LOAD build/sam_ba_serial.o
LOAD c:/users/kevinc/appdata/local/arduino15/packages/arduino/tools/arm-none-eabi-gcc/4.8.3-2014q1/bin/../lib/gcc/arm-none-eabi/4.8.3/../../../../arm-none-eabi/lib/armv6-m\libm.a
END GROUP
START GROUP
LOAD c:/users/kevinc/appdata/local/arduino15/packages/arduino/tools/arm-none-eabi-gcc/4.8.3-2014q1/bin/../lib/gcc/arm-none-eabi/4.8.3/armv6-m\libgcc.a
LOAD c:/users/kevinc/appdata/local/arduino15/packages/arduino/tools/arm-none-eabi-gcc/4.8.3-2014q1/bin/../lib/gcc/arm-none-eabi/4.8.3/../../../../arm-none-eabi/lib/armv6-m\libc_s.a
END GROUP
START GROUP
LOAD c:/users/kevinc/appdata/local/arduino15/packages/arduino/tools/arm-none-eabi-gcc/4.8.3-2014q1/bin/../lib/gcc/arm-none-eabi/4.8.3/armv6-m\libgcc.a
LOAD c:/users/kevinc/appdata/local/arduino15/packages/arduino/tools/arm-none-eabi-gcc/4.8.3-2014q1/bin/../lib/gcc/arm-none-eabi/4.8.3/../../../../arm-none-eabi/lib/armv6-m\libc_s.a
LOAD c:/users/kevinc/appdata/local/arduino15/packages/arduino/tools/arm-none-eabi-gcc/4.8.3-2014q1/bin/../lib/gcc/arm-none-eabi/4.8.3/../../../../arm-none-eabi/lib/armv6-m\libnosys.a
END GROUP
START GROUP
LOAD c:/users/kevinc/appdata/local/arduino15/packages/arduino/tools/arm-none-eabi-gcc/4.8.3-2014q1/bin/../lib/gcc/arm-none-eabi/4.8.3/armv6-m\libgcc.a
LOAD c:/users/kevinc/appdata/local/arduino15/packages/arduino/tools/arm-none-eabi-gcc/4.8.3-2014q1/bin/../lib/gcc/arm-none-eabi/4.8.3/../../../../arm-none-eabi/lib/armv6-m\libc_s.a
LOAD c:/users/kevinc/appdata/local/arduino15/packages/arduino/tools/arm-none-eabi-gcc/4.8.3-2014q1/bin/../lib/gcc/arm-none-eabi/4.8.3/../../../../arm-none-eabi/lib/armv6-m\libnosys.a
END GROUP
LOAD c:/users/kevinc/appdata/local/arduino15/packages/arduino/tools/arm-none-eabi-gcc/4.8.3-2014q1/bin/../lib/gcc/arm-none-eabi/4.8.3/armv6-m/crtend.o
LOAD c:/users/kevinc/appdata/local/arduino15/packages/arduino/tools/arm-none-eabi-gcc/4.8.3-2014q1/bin/../lib/gcc/arm-none-eabi/4.8.3/armv6-m/crtn.o
                0x00000000                . = ORIGIN (FLASH)

.vectors        0x00000000       0x40
 *(.isr_vector)
 .isr_vector    0x00000000       0x40 build/board_startup.o
                0x00000000                exception_table

.text           0x00000040     0x1c70
 *(.text*)
 .text          0x00000040       0x60 c:/users/kevinc/appdata/local/arduino15/packages/arduino/tools/arm-none-eabi-gcc/4.8.3-2014q1/bin/../lib/gcc/arm-none-eabi/4.8.3/armv6-m/crtbegin.o
 .text.LED_pulse
                0x000000a0       0x80 build/board_driver_led.o
                0x000000a0                LED_pulse
 .text.uart_basic_init
                0x00000120       0x6c build/board_driver_serial.o
                0x00000120                uart_basic_init
 .text.uart_write_byte
                0x0000018c        0xc build/board_driver_serial.o
                0x0000018c                uart_write_byte
 .text.uart_read_byte
                0x00000198       0x2c build/board_driver_serial.o
                0x00000198                uart_read_byte
 .text.USB_IsConfigured
                0x000001c4       0x90 build/board_driver_usb.o
                0x000001c4                USB_IsConfigured
 .text.USB_Open
                0x00000254       0x1c build/board_driver_usb.o
                0x00000254                USB_Open
 .text.USB_Init
                0x00000270      0x10c build/board_driver_usb.o
                0x00000270                USB_Init
 .text.USB_Write
                0x0000037c       0xa8 build/board_driver_usb.o
                0x0000037c                USB_Write
 .text.USB_Read
                0x00000424       0x84 build/board_driver_usb.o
                0x00000424                USB_Read
 .text.USB_SendStall
                0x000004a8       0x20 build/board_driver_usb.o
                0x000004a8                USB_SendStall
 .text.USB_SendZlp
                0x000004c8       0x34 build/board_driver_usb.o
                0x000004c8                USB_SendZlp
 .text.USB_SetAddress
                0x000004fc        0xc build/board_driver_usb.o
                0x000004fc                USB_SetAddress
 .text.USB_Configure
                0x00000508       0x68 build/board_driver_usb.o
                0x00000508                USB_Configure
 .text.board_init
                0x00000570      0x128 build/board_init.o
                0x00000570                board_init
 .text.NMI_Handler
                0x00000698        0x4 build/board_startup.o
                0x00000698                NMI_Handler
 .text.HardFault_Handler
                0x0000069c        0x4 build/board_startup.o
                0x0000069c                HardFault_Handler
 .text.SVC_Handler
                0x000006a0        0x4 build/board_startup.o
                0x000006a0                SVC_Handler
 .text.PendSV_Handler
                0x000006a4        0x4 build/board_startup.o
                0x000006a4                PendSV_Handler
 .text.Reset_Handler
                0x000006a8       0x80 build/board_startup.o
                0x000006a8                Reset_Handler
 .text.main     0x00000728      0x110 build/main.o
                0x00000728                main
 .text.SysTick_Handler
                0x00000838        0xc build/main.o
                0x00000838                SysTick_Handler
 .text.usb_init
                0x00000844       0x20 build/sam_ba_usb.o
                0x00000844                usb_init
 .text.USB_SendString
                0x00000864       0x58 build/sam_ba_usb.o
                0x00000864                USB_SendString
 .text.sam_ba_usb_CDC_Enumerate
                0x000008bc      0x4a8 build/sam_ba_usb.o
                0x000008bc                sam_ba_usb_CDC_Enumerate
 .text.cdc_putc
                0x00000d64       0x20 build/sam_ba_cdc.o
                0x00000d64                cdc_putc
 .text.cdc_getc
                0x00000d84       0x20 build/sam_ba_cdc.o
                0x00000d84                cdc_getc
 .text.cdc_is_rx_ready
                0x00000da4       0x24 build/sam_ba_cdc.o
                0x00000da4                cdc_is_rx_ready
 .text.cdc_write_buf
                0x00000dc8       0x1c build/sam_ba_cdc.o
                0x00000dc8                cdc_write_buf
 .text.cdc_read_buf
                0x00000de4       0x28 build/sam_ba_cdc.o
                0x00000de4                cdc_read_buf
 .text.cdc_read_buf_xmd
                0x00000e0c       0x3c build/sam_ba_cdc.o
                0x00000e0c                cdc_read_buf_xmd
 .text.sam_ba_putdata
                0x00000e48       0x18 build/sam_ba_monitor.o
 .text.sam_ba_monitor_init
                0x00000e60       0x30 build/sam_ba_monitor.o
                0x00000e60                sam_ba_monitor_init
 .text.sam_ba_putdata_term
                0x00000e90       0xa4 build/sam_ba_monitor.o
                0x00000e90                sam_ba_putdata_term
 .text.call_applet
                0x00000f34       0x1c build/sam_ba_monitor.o
                0x00000f34                call_applet
 .text.sam_ba_monitor_sys_tick
                0x00000f50       0x34 build/sam_ba_monitor.o
                0x00000f50                sam_ba_monitor_sys_tick
 .text.sam_ba_monitor_run
                0x00000f84      0x5cc build/sam_ba_monitor.o
                0x00000f84                sam_ba_monitor_run
 .text.serial_open
                0x00001550       0xac build/sam_ba_serial.o
                0x00001550                serial_open
 .text.serial_putc
                0x000015fc       0x14 build/sam_ba_serial.o
                0x000015fc                serial_putc
 .text.serial_is_rx_ready
                0x00001610       0x10 build/sam_ba_serial.o
                0x00001610                serial_is_rx_ready
 .text.serial_getc
                0x00001620       0x18 build/sam_ba_serial.o
                0x00001620                serial_getc
 .text.serial_sharp_received
                0x00001638       0x1c build/sam_ba_serial.o
                0x00001638                serial_sharp_received
 .text.serial_putdata
                0x00001654       0x1c build/sam_ba_serial.o
                0x00001654                serial_putdata
 .text.serial_getdata
                0x00001670       0x10 build/sam_ba_serial.o
                0x00001670                serial_getdata
 .text.serial_add_crc
                0x00001680       0x18 build/sam_ba_serial.o
                0x00001680                serial_add_crc
 .text.getbytes
                0x00001698       0x84 build/sam_ba_serial.o
 .text.serial_putdata_xmd
                0x0000171c      0x14c build/sam_ba_serial.o
                0x0000171c                serial_putdata_xmd
 .text.serial_getdata_xmd
                0x00001868      0x124 build/sam_ba_serial.o
                0x00001868                serial_getdata_xmd
 .text.memcpy   0x0000198c       0x12 c:/users/kevinc/appdata/local/arduino15/packages/arduino/tools/arm-none-eabi-gcc/4.8.3-2014q1/bin/../lib/gcc/arm-none-eabi/4.8.3/../../../../arm-none-eabi/lib/armv6-m\libc_s.a(lib_a-memcpy-stub.o)
                0x0000198c                memcpy
 .text.memset   0x0000199e       0x10 c:/users/kevinc/appdata/local/arduino15/packages/arduino/tools/arm-none-eabi-gcc/4.8.3-2014q1/bin/../lib/gcc/arm-none-eabi/4.8.3/../../../../arm-none-eabi/lib/armv6-m\libc_s.a(lib_a-memset.o)
                0x0000199e                memset
 .text.strlen   0x000019ae        0xe c:/users/kevinc/appdata/local/arduino15/packages/arduino/tools/arm-none-eabi-gcc/4.8.3-2014q1/bin/../lib/gcc/arm-none-eabi/4.8.3/../../../../arm-none-eabi/lib/armv6-m\libc_s.a(lib_a-strlen.o)
                0x000019ae                strlen
 *(.init)
 .init          0x000019bc        0x4 c:/users/kevinc/appdata/local/arduino15/packages/arduino/tools/arm-none-eabi-gcc/4.8.3-2014q1/bin/../lib/gcc/arm-none-eabi/4.8.3/armv6-m/crti.o
                0x000019bc                _init
 .init          0x000019c0        0x8 c:/users/kevinc/appdata/local/arduino15/packages/arduino/tools/arm-none-eabi-gcc/4.8.3-2014q1/bin/../lib/gcc/arm-none-eabi/4.8.3/armv6-m/crtn.o
 *(.fini)
 .fini          0x000019c8        0x4 c:/users/kevinc/appdata/local/arduino15/packages/arduino/tools/arm-none-eabi-gcc/4.8.3-2014q1/bin/../lib/gcc/arm-none-eabi/4.8.3/armv6-m/crti.o
                0x000019c8                _fini
 .fini          0x000019cc        0x8 c:/users/kevinc/appdata/local/arduino15/packages/arduino/tools/arm-none-eabi-gcc/4.8.3-2014q1/bin/../lib/gcc/arm-none-eabi/4.8.3/armv6-m/crtn.o
 *crtbegin.o(.ctors)
 *crtbegin?.o(.ctors)
 *(EXCLUDE_FILE(*crtend.o *crtend?.o) .ctors)
 *(SORT(.ctors.*))
 *(.ctors)
 *crtbegin.o(.dtors)
 *crtbegin?.o(.dtors)
 *(EXCLUDE_FILE(*crtend.o *crtend?.o) .dtors)
 *(SORT(.dtors.*))
 *(.dtors)
 *(.rodata*)
 .rodata        0x000019d4        0x4 build/sam_ba_usb.o
 .rodata.str1.4
                0x000019d8       0x19 build/sam_ba_usb.o
                                 0x1c (size before relaxing)
 *fill*         0x000019f1        0x3 
 .rodata.devDescriptor
                0x000019f4       0x14 build/sam_ba_usb.o
 .rodata        0x00001a08       0x20 build/sam_ba_monitor.o
 .rodata.uart_if
                0x00001a28       0x1c build/sam_ba_monitor.o
                0x00001a28                uart_if
 .rodata.RomBOOT_Version
                0x00001a44        0x4 build/sam_ba_monitor.o
                0x00001a44                RomBOOT_Version
 .rodata.str1.4
                0x00001a48       0x38 build/sam_ba_monitor.o
 .rodata.usbcdc_if
                0x00001a80       0x1c build/sam_ba_monitor.o
                0x00001a80                usbcdc_if
 .rodata.RomBOOT_ExtendedCapabilities
                0x00001a9c       0x10 build/sam_ba_monitor.o
                0x00001a9c                RomBOOT_ExtendedCapabilities
 .rodata.crc16Table
                0x00001aac      0x200 build/sam_ba_serial.o
 *(.eh_frame*)
 .eh_frame      0x00001cac        0x0 c:/users/kevinc/appdata/local/arduino15/packages/arduino/tools/arm-none-eabi-gcc/4.8.3-2014q1/bin/../lib/gcc/arm-none-eabi/4.8.3/armv6-m/crtbegin.o
 .eh_frame      0x00001cac        0x4 c:/users/kevinc/appdata/local/arduino15/packages/arduino/tools/arm-none-eabi-gcc/4.8.3-2014q1/bin/../lib/gcc/arm-none-eabi/4.8.3/armv6-m/crtend.o

.glue_7         0x00001cb0        0x0
 .glue_7        0x00000000        0x0 linker stubs

.glue_7t        0x00001cb0        0x0
 .glue_7t       0x00000000        0x0 linker stubs

.vfp11_veneer   0x00001cb0        0x0
 .vfp11_veneer  0x00000000        0x0 linker stubs

.v4_bx          0x00001cb0        0x0
 .v4_bx         0x00000000        0x0 linker stubs

.iplt           0x00001cb0        0x0
 .iplt          0x00000000        0x0 c:/users/kevinc/appdata/local/arduino15/packages/arduino/tools/arm-none-eabi-gcc/4.8.3-2014q1/bin/../lib/gcc/arm-none-eabi/4.8.3/armv6-m/crtbegin.o

.rel.dyn        0x00001cb0        0x0
 .rel.iplt      0x00000000        0x0 c:/users/kevinc/appdata/local/arduino15/packages/arduino/tools/arm-none-eabi-gcc/4.8.3-2014q1/bin/../lib/gcc/arm-none-eabi/4.8.3/armv6-m/crtbegin.o

.ARM.extab
 *(.ARM.extab* .gnu.linkonce.armextab.*)
                0x00001cb0                __exidx_start = .

.ARM.exidx
 *(.ARM.exidx* .gnu.linkonce.armexidx.*)
                0x00001cb0                __exidx_end = .
                0x00001cb0                __etext = .
                0x00002000                PROVIDE (__sketch_vectors_ptr, (ORIGIN (FLASH) + 0x2000))

.data           0x20000000       0x5c load address 0x00001cb0
                0x20000000                __data_start__ = .
 *(vtable)
 *(.data*)
 .data.ledDirection
                0x20000000        0x1 build/board_driver_led.o
                0x20000000                ledDirection
 .data.ledTargetValue
                0x20000001        0x1 build/board_driver_led.o
                0x20000001                ledTargetValue
 *fill*         0x20000002        0x2 
 .data.cfgDescriptor
                0x20000004       0x44 build/sam_ba_usb.o
 .data.line_coding
                0x20000048        0x8 build/sam_ba_cdc.o
                0x20000048                line_coding
                0x20000050                . = ALIGN (0x4)
                0x20000050                PROVIDE (__preinit_array_start, .)
 *(.preinit_array)
                0x20000050                PROVIDE (__preinit_array_end, .)
                0x20000050                . = ALIGN (0x4)
                0x20000050                PROVIDE (__init_array_start, .)
 *(SORT(.init_array.*))
 *(.init_array)
 .init_array    0x20000050        0x4 c:/users/kevinc/appdata/local/arduino15/packages/arduino/tools/arm-none-eabi-gcc/4.8.3-2014q1/bin/../lib/gcc/arm-none-eabi/4.8.3/armv6-m/crtbegin.o
                0x20000054                PROVIDE (__init_array_end, .)
                0x20000054                . = ALIGN (0x4)
                0x20000054                PROVIDE (__fini_array_start, .)
 *(SORT(.fini_array.*))
 *(.fini_array)
 .fini_array    0x20000054        0x4 c:/users/kevinc/appdata/local/arduino15/packages/arduino/tools/arm-none-eabi-gcc/4.8.3-2014q1/bin/../lib/gcc/arm-none-eabi/4.8.3/armv6-m/crtbegin.o
                0x20000058                PROVIDE (__fini_array_end, .)
 *(.jcr*)
 .jcr           0x20000058        0x0 c:/users/kevinc/appdata/local/arduino15/packages/arduino/tools/arm-none-eabi-gcc/4.8.3-2014q1/bin/../lib/gcc/arm-none-eabi/4.8.3/armv6-m/crtbegin.o
 .jcr           0x20000058        0x4 c:/users/kevinc/appdata/local/arduino15/packages/arduino/tools/arm-none-eabi-gcc/4.8.3-2014q1/bin/../lib/gcc/arm-none-eabi/4.8.3/armv6-m/crtend.o
                0x2000005c                . = ALIGN (0x4)
                0x2000005c                __data_end__ = .

.igot.plt       0x2000005c        0x0 load address 0x00001d0c
 .igot.plt      0x00000000        0x0 c:/users/kevinc/appdata/local/arduino15/packages/arduino/tools/arm-none-eabi-gcc/4.8.3-2014q1/bin/../lib/gcc/arm-none-eabi/4.8.3/armv6-m/crtbegin.o

.bss            0x2000005c      0x34c load address 0x00001d0c
                0x2000005c                . = ALIGN (0x4)
                0x2000005c                __bss_start__ = .
 *(.bss*)
 .bss           0x2000005c       0x1c c:/users/kevinc/appdata/local/arduino15/packages/arduino/tools/arm-none-eabi-gcc/4.8.3-2014q1/bin/../lib/gcc/arm-none-eabi/4.8.3/armv6-m/crtbegin.o
 .bss.ledKeepValue
                0x20000078        0x1 build/board_driver_led.o
                0x20000078                ledKeepValue
 .bss.uart_drv_error_flag
                0x20000079        0x1 build/board_driver_serial.o
                0x20000079                uart_drv_error_flag
 .bss.read_job  0x2000007a        0x1 build/board_driver_usb.o
 .bss.main_b_cdc_enable
                0x2000007b        0x1 build/main.o
 .bss.dir.10339
                0x2000007c        0x1 build/sam_ba_usb.o
 .bss.bmRequestType.10337
                0x2000007d        0x1 build/sam_ba_usb.o
 .bss.wStatus.10343
                0x2000007e        0x2 build/sam_ba_usb.o
 .bss.wLength.10342
                0x20000080        0x2 build/sam_ba_usb.o
 .bss.bRequest.10338
                0x20000082        0x1 build/sam_ba_usb.o
 *fill*         0x20000083        0x1 
 .bss.wValue.10340
                0x20000084        0x2 build/sam_ba_usb.o
 .bss.wIndex.10341
                0x20000086        0x2 build/sam_ba_usb.o
 .bss.b_terminal_mode
                0x20000088        0x1 build/sam_ba_monitor.o
                0x20000088                b_terminal_mode
 *fill*         0x20000089        0x1 
 .bss.rxLEDPulse
                0x2000008a        0x2 build/sam_ba_monitor.o
                0x2000008a                rxLEDPulse
 .bss.txLEDPulse
                0x2000008c        0x2 build/sam_ba_monitor.o
                0x2000008c                txLEDPulse
 *fill*         0x2000008e        0x2 
 .bss.src_buff_addr.11268
                0x20000090        0x4 build/sam_ba_monitor.o
 .bss.b_sam_ba_interface_usart
                0x20000094        0x1 build/sam_ba_monitor.o
                0x20000094                b_sam_ba_interface_usart
 *(COMMON)
 *fill*         0x20000095        0x3 
 COMMON         0x20000098      0x180 build/board_driver_usb.o
                0x20000098                udd_ep_out_cache_buffer
                0x20000118                udd_ep_in_cache_buffer
                0x20000198                usb_endpoint_table
 COMMON         0x20000218        0x4 build/main.o
                0x20000218                pulSketch_Start_Address
 COMMON         0x2000021c        0xc build/sam_ba_usb.o
                0x2000021c                sam_ba_cdc
 COMMON         0x20000228       0x74 build/sam_ba_monitor.o
                0x20000228                j
                0x2000022c                length
                0x20000230                ptr
                0x20000234                command
                0x20000238                MAX_FLASH
                0x2000023c                PAGES
                0x20000240                i
                0x20000244                PAGE_SIZE
                0x20000248                data
                0x20000288                ptr_data
                0x2000028c                ptr_monitor_if
                0x20000290                sp
                0x20000294                current_number
                0x20000298                u32tmp
 COMMON         0x2000029c      0x10c build/sam_ba_serial.o
                0x2000029c                b_sharp_received
                0x2000029d                idx_rx_write
                0x2000029e                size_of_data
                0x200002a0                idx_tx_read
                0x200002a4                buffer_tx_usart
                0x20000324                error_timeout
                0x20000325                mode_of_transfer
                0x20000326                idx_rx_read
                0x20000327                idx_tx_write
                0x20000328                buffer_rx_usart
                0x200003a8                . = ALIGN (0x4)
                0x200003a8                __bss_end__ = .

.heap           0x200003a8        0x0
                0x200003a8                __end__ = .
                0x200003a8                PROVIDE (end, .)
 *(.heap*)
                0x200003a8                __HeapLimit = .

.stack_dummy    0x200003a8        0x0
 *(.stack*)
                0x20007ffc                __StackTop = (ORIGIN (RAM) + 0x7ffc)
                0x20007ffc                __StackLimit = (__StackTop - SIZEOF (.stack_dummy))
                0x20007ffc                PROVIDE (__stack, __StackTop)
                0x20007ffb                __ram_end__ = ((ORIGIN (RAM) + 0x7ffc) - 0x1)
                0x00000001                ASSERT ((__StackLimit >= __HeapLimit), region RAM overflowed with stack)
OUTPUT(build/samd21_sam_ba.elf elf32-littlearm)

.ARM.attributes
                0x00000000       0x28
 .ARM.attributes
                0x00000000       0x1e c:/users/kevinc/appdata/local/arduino15/packages/arduino/tools/arm-none-eabi-gcc/4.8.3-2014q1/bin/../lib/gcc/arm-none-eabi/4.8.3/armv6-m/crti.o
 .ARM.attributes
                0x0000001e       0x2c c:/users/kevinc/appdata/local/arduino15/packages/arduino/tools/arm-none-eabi-gcc/4.8.3-2014q1/bin/../lib/gcc/arm-none-eabi/4.8.3/armv6-m/crtbegin.o
 .ARM.attributes
                0x0000004a       0x32 build/board_driver_led.o
 .ARM.attributes
                0x0000007c       0x32 build/board_driver_serial.o
 .ARM.attributes
                0x000000ae       0x32 build/board_driver_usb.o
 .ARM.attributes
                0x000000e0       0x32 build/board_init.o
 .ARM.attributes
                0x00000112       0x32 build/board_startup.o
 .ARM.attributes
                0x00000144       0x32 build/main.o
 .ARM.attributes
                0x00000176       0x32 build/sam_ba_usb.o
 .ARM.attributes
                0x000001a8       0x32 build/sam_ba_cdc.o
 .ARM.attributes
                0x000001da       0x32 build/sam_ba_monitor.o
 .ARM.attributes
                0x0000020c       0x32 build/sam_ba_serial.o
 .ARM.attributes
                0x0000023e       0x2c c:/users/kevinc/appdata/local/arduino15/packages/arduino/tools/arm-none-eabi-gcc/4.8.3-2014q1/bin/../lib/gcc/arm-none-eabi/4.8.3/../../../../arm-none-eabi/lib/armv6-m\libc_s.a(lib_a-memcpy-stub.o)
 .ARM.attributes
                0x0000026a       0x2c c:/users/kevinc/appdata/local/arduino15/packages/arduino/tools/arm-none-eabi-gcc/4.8.3-2014q1/bin/../lib/gcc/arm-none-eabi/4.8.3/../../../../arm-none-eabi/lib/armv6-m\libc_s.a(lib_a-memset.o)
 .ARM.attributes
                0x00000296       0x2c c:/users/kevinc/appdata/local/arduino15/packages/arduino/tools/arm-none-eabi-gcc/4.8.3-2014q1/bin/../lib/gcc/arm-none-eabi/4.8.3/../../../../arm-none-eabi/lib/armv6-m\libc_s.a(lib_a-strlen.o)
 .ARM.attributes
                0x000002c2       0x2c c:/users/kevinc/appdata/local/arduino15/packages/arduino/tools/arm-none-eabi-gcc/4.8.3-2014q1/bin/../lib/gcc/arm-none-eabi/4.8.3/armv6-m/crtend.o
 .ARM.attributes
                0x000002ee       0x1e c:/users/kevinc/appdata/local/arduino15/packages/arduino/tools/arm-none-eabi-gcc/4.8.3-2014q1/bin/../lib/gcc/arm-none-eabi/4.8.3/armv6-m/crtn.o

.comment        0x00000000       0x70
 .comment       0x00000000       0x70 build/board_driver_led.o
                                 0x71 (size before relaxing)
 .comment       0x00000000       0x71 build/board_driver_serial.o
 .comment       0x00000000       0x71 build/board_driver_usb.o
 .comment       0x00000000       0x71 build/board_init.o
 .comment       0x00000000       0x71 build/board_startup.o
 .comment       0x00000000       0x71 build/main.o
 .comment       0x00000000       0x71 build/sam_ba_usb.o
 .comment       0x00000000       0x71 build/sam_ba_cdc.o
 .comment       0x00000000       0x71 build/sam_ba_monitor.o
 .comment       0x00000000       0x71 build/sam_ba_serial.o

.debug_info     0x00000000    0x13689
 .debug_info    0x00000000      0x70a build/board_driver_led.o
 .debug_info    0x0000070a     0x1e2b build/board_driver_serial.o
 .debug_info    0x00002535     0x3405 build/board_driver_usb.o
 .debug_info    0x0000593a     0x1eea build/board_init.o
 .debug_info    0x00007824      0x246 build/board_startup.o
 .debug_info    0x00007a6a     0x314c build/main.o
 .debug_info    0x0000abb6     0x246b build/sam_ba_usb.o
 .debug_info    0x0000d021     0x20ea build/sam_ba_cdc.o
 .debug_info    0x0000f10b     0x10b4 build/sam_ba_monitor.o
 .debug_info    0x000101bf     0x34ca build/sam_ba_serial.o

.debug_abbrev   0x00000000     0x18a1
 .debug_abbrev  0x00000000      0x168 build/board_driver_led.o
 .debug_abbrev  0x00000168      0x1a5 build/board_driver_serial.o
 .debug_abbrev  0x0000030d      0x2b2 build/board_driver_usb.o
 .debug_abbrev  0x000005bf      0x13d build/board_init.o
 .debug_abbrev  0x000006fc       0xf0 build/board_startup.o
 .debug_abbrev  0x000007ec      0x3b3 build/main.o
 .debug_abbrev  0x00000b9f      0x2e3 build/sam_ba_usb.o
 .debug_abbrev  0x00000e82      0x25a build/sam_ba_cdc.o
 .debug_abbrev  0x000010dc      0x41e build/sam_ba_monitor.o
 .debug_abbrev  0x000014fa      0x3a7 build/sam_ba_serial.o

.debug_aranges  0x00000000      0x298
 .debug_aranges
                0x00000000       0x20 build/board_driver_led.o
 .debug_aranges
                0x00000020       0x48 build/board_driver_serial.o
 .debug_aranges
                0x00000068       0x68 build/board_driver_usb.o
 .debug_aranges
                0x000000d0       0x20 build/board_init.o
 .debug_aranges
                0x000000f0       0x40 build/board_startup.o
 .debug_aranges
                0x00000130       0x28 build/main.o
 .debug_aranges
                0x00000158       0x30 build/sam_ba_usb.o
 .debug_aranges
                0x00000188       0x48 build/sam_ba_cdc.o
 .debug_aranges
                0x000001d0       0x48 build/sam_ba_monitor.o
 .debug_aranges
                0x00000218       0x80 build/sam_ba_serial.o

.debug_ranges   0x00000000      0x268
 .debug_ranges  0x00000000       0x10 build/board_driver_led.o
 .debug_ranges  0x00000010       0x38 build/board_driver_serial.o
 .debug_ranges  0x00000048       0x58 build/board_driver_usb.o
 .debug_ranges  0x000000a0       0x10 build/board_init.o
 .debug_ranges  0x000000b0       0x30 build/board_startup.o
 .debug_ranges  0x000000e0       0x18 build/main.o
 .debug_ranges  0x000000f8       0x20 build/sam_ba_usb.o
 .debug_ranges  0x00000118       0x38 build/sam_ba_cdc.o
 .debug_ranges  0x00000150       0x90 build/sam_ba_monitor.o
 .debug_ranges  0x000001e0       0x88 build/sam_ba_serial.o

.debug_macro    0x00000000     0x34e9
 .debug_macro   0x00000000      0x2ff build/board_driver_led.o
 .debug_macro   0x000002ff      0x3b7 build/board_driver_serial.o
 .debug_macro   0x000006b6       0x58 build/board_driver_serial.o
 .debug_macro   0x0000070e       0x35 build/board_driver_serial.o
 .debug_macro   0x00000743       0xa3 build/board_driver_serial.o
 .debug_macro   0x000007e6       0x16 build/board_driver_serial.o
 .debug_macro   0x000007fc       0x97 build/board_driver_serial.o
 .debug_macro   0x00000893       0x10 build/board_driver_serial.o
 .debug_macro   0x000008a3       0xef build/board_driver_serial.o
 .debug_macro   0x00000992       0x4a build/board_driver_serial.o
 .debug_macro   0x000009dc       0x52 build/board_driver_serial.o
 .debug_macro   0x00000a2e       0x16 build/board_driver_serial.o
 .debug_macro   0x00000a44       0x43 build/board_driver_serial.o
 .debug_macro   0x00000a87      0x180 build/board_driver_serial.o
 .debug_macro   0x00000c07       0x10 build/board_driver_serial.o
 .debug_macro   0x00000c17       0x22 build/board_driver_serial.o
 .debug_macro   0x00000c39       0xbd build/board_driver_serial.o
 .debug_macro   0x00000cf6       0x16 build/board_driver_serial.o
 .debug_macro   0x00000d0c      0x16c build/board_driver_serial.o
 .debug_macro   0x00000e78      0x20f build/board_driver_serial.o
 .debug_macro   0x00001087      0x3d2 build/board_driver_usb.o
 .debug_macro   0x00001459      0x166 build/board_driver_usb.o
 .debug_macro   0x000015bf      0x2a6 build/board_driver_usb.o
 .debug_macro   0x00001865       0x10 build/board_driver_usb.o
 .debug_macro   0x00001875       0x35 build/board_driver_usb.o
 .debug_macro   0x000018aa       0x1f build/board_driver_usb.o
 .debug_macro   0x000018c9       0x40 build/board_driver_usb.o
 .debug_macro   0x00001909       0xee build/board_driver_usb.o
 .debug_macro   0x000019f7       0x16 build/board_driver_usb.o
 .debug_macro   0x00001a0d      0x313 build/board_init.o
 .debug_macro   0x00001d20      0x2e2 build/board_startup.o
 .debug_macro   0x00002002      0x420 build/main.o
 .debug_macro   0x00002422       0x3a build/main.o
 .debug_macro   0x0000245c       0x46 build/main.o
 .debug_macro   0x000024a2       0xf4 build/main.o
 .debug_macro   0x00002596       0x1c build/main.o
 .debug_macro   0x000025b2      0x3ce build/sam_ba_usb.o
 .debug_macro   0x00002980      0x313 build/sam_ba_cdc.o
 .debug_macro   0x00002c93      0x44f build/sam_ba_monitor.o
 .debug_macro   0x000030e2       0x1c build/sam_ba_monitor.o
 .debug_macro   0x000030fe      0x3eb build/sam_ba_serial.o

.debug_line     0x00000000     0x5f3b
 .debug_line    0x00000000      0x831 build/board_driver_led.o
 .debug_line    0x00000831      0x963 build/board_driver_serial.o
 .debug_line    0x00001194      0xa69 build/board_driver_usb.o
 .debug_line    0x00001bfd      0x87f build/board_init.o
 .debug_line    0x0000247c      0x840 build/board_startup.o
 .debug_line    0x00002cbc      0x98f build/main.o
 .debug_line    0x0000364b      0xa34 build/sam_ba_usb.o
 .debug_line    0x0000407f      0x879 build/sam_ba_cdc.o
 .debug_line    0x000048f8      0xb9f build/sam_ba_monitor.o
 .debug_line    0x00005497      0xaa4 build/sam_ba_serial.o

.debug_str      0x00000000    0x6fdfa
 .debug_str     0x00000000    0x6a29e build/board_driver_led.o
                              0x6a5b3 (size before relaxing)
 .debug_str     0x0006a29e     0x2855 build/board_driver_serial.o
                              0x6ca03 (size before relaxing)
 .debug_str     0x0006caf3     0x20ce build/board_driver_usb.o
                              0x6da4e (size before relaxing)
 .debug_str     0x0006ebc1      0x56f build/board_init.o
                              0x6acd7 (size before relaxing)
 .debug_str     0x0006f130      0x178 build/board_startup.o
                              0x6a24c (size before relaxing)
 .debug_str     0x0006f2a8      0x55f build/main.o
                              0x6db2f (size before relaxing)
 .debug_str     0x0006f807      0x147 build/sam_ba_usb.o
                              0x6d7ed (size before relaxing)
 .debug_str     0x0006f94e       0x87 build/sam_ba_cdc.o
                              0x6aeec (size before relaxing)
 .debug_str     0x0006f9d5      0x24f build/sam_ba_monitor.o
                              0x6dfe1 (size before relaxing)
 .debug_str     0x0006fc24      0x1d6 build/sam_ba_serial.o
                              0x6d3cd (size before relaxing)

.debug_frame    0x00000000      0x604
 .debug_frame   0x00000000       0x20 build/board_driver_led.o
 .debug_frame   0x00000020       0x8c build/board_driver_serial.o
 .debug_frame   0x000000ac      0x100 build/board_driver_usb.o
 .debug_frame   0x000001ac       0x20 build/board_init.o
 .debug_frame   0x000001cc       0x68 build/board_startup.o
 .debug_frame   0x00000234       0x44 build/main.o
 .debug_frame   0x00000278       0x68 build/sam_ba_usb.o
 .debug_frame   0x000002e0       0xb0 build/sam_ba_cdc.o
 .debug_frame   0x00000390       0xa4 build/sam_ba_monitor.o
 .debug_frame   0x00000434      0x168 build/sam_ba_serial.o
 .debug_frame   0x0000059c       0x28 c:/users/kevinc/appdata/local/arduino15/packages/arduino/tools/arm-none-eabi-gcc/4.8.3-2014q1/bin/../lib/gcc/arm-none-eabi/4.8.3/../../../../arm-none-eabi/lib/armv6-m\libc_s.a(lib_a-memcpy-stub.o)
 .debug_frame   0x000005c4       0x20 c:/users/kevinc/appdata/local/arduino15/packages/arduino/tools/arm-none-eabi-gcc/4.8.3-2014q1/bin/../lib/gcc/arm-none-eabi/4.8.3/../../../../arm-none-eabi/lib/armv6-m\libc_s.a(lib_a-memset.o)
 .debug_frame   0x000005e4       0x20 c:/users/kevinc/appdata/local/arduino15/packages/arduino/tools/arm-none-eabi-gcc/4.8.3-2014q1/bin/../lib/gcc/arm-none-eabi/4.8.3/../../../../arm-none-eabi/lib/armv6-m\libc_s.a(lib_a-strlen.o)

.debug_loc      0x00000000     0x14cc
 .debug_loc     0x00000000       0xf0 build/board_driver_serial.o
 .debug_loc     0x000000f0      0x366 build/board_driver_usb.o
 .debug_loc     0x00000456       0x69 build/board_startup.o
 .debug_loc     0x000004bf       0x8a build/main.o
 .debug_loc     0x00000549      0x13b build/sam_ba_usb.o
 .debug_loc     0x00000684      0x1c5 build/sam_ba_cdc.o
 .debug_loc     0x00000849      0x545 build/sam_ba_monitor.o
 .debug_loc     0x00000d8e      0x73e build/sam_ba_serial.o

Cross Reference Table

Symbol                                            File
HardFault_Handler                                 build/board_startup.o
LED_pulse                                         build/board_driver_led.o
                                                  build/main.o
MAX_FLASH                                         build/sam_ba_monitor.o
NMI_Handler                                       build/board_startup.o
PAGES                                             build/sam_ba_monitor.o
PAGE_SIZE                                         build/sam_ba_monitor.o
PendSV_Handler                                    build/board_startup.o
Reset_Handler                                     build/board_startup.o
RomBOOT_ExtendedCapabilities                      build/sam_ba_monitor.o
RomBOOT_Version                                   build/sam_ba_monitor.o
SVC_Handler                                       build/board_startup.o
SysTick_Handler                                   build/main.o
                                                  build/board_startup.o
USB_Configure                                     build/board_driver_usb.o
                                                  build/sam_ba_usb.o
USB_Init                                          build/board_driver_usb.o
                                                  build/sam_ba_usb.o
USB_IsConfigured                                  build/board_driver_usb.o
                                                  build/sam_ba_cdc.o
USB_Open                                          build/board_driver_usb.o
                                                  build/sam_ba_usb.o
USB_Read                                          build/board_driver_usb.o
                                                  build/sam_ba_cdc.o
USB_Read_blocking                                 build/board_driver_usb.o
USB_SendStall                                     build/board_driver_usb.o
                                                  build/sam_ba_usb.o
USB_SendString                                    build/sam_ba_usb.o
USB_SendZlp                                       build/board_driver_usb.o
                                                  build/sam_ba_usb.o
USB_SetAddress                                    build/board_driver_usb.o
                                                  build/sam_ba_usb.o
USB_Write                                         build/board_driver_usb.o
                                                  build/sam_ba_cdc.o
                                                  build/sam_ba_usb.o
_Jv_RegisterClasses                               c:/users/kevinc/appdata/local/arduino15/packages/arduino/tools/arm-none-eabi-gcc/4.8.3-2014q1/bin/../lib/gcc/arm-none-eabi/4.8.3/armv6-m/crtbegin.o
__StackTop                                        build/board_startup.o
__bss_end__                                       build/board_startup.o
                                                  c:/users/kevinc/appdata/local/arduino15/packages/arduino/tools/arm-none-eabi-gcc/4.8.3-2014q1/bin/../lib/gcc/arm-none-eabi/4.8.3/../../../../arm-none-eabi/lib/armv6-m/crt0.o
__bss_start__                                     build/board_startup.o
                                                  c:/users/kevinc/appdata/local/arduino15/packages/arduino/tools/arm-none-eabi-gcc/4.8.3-2014q1/bin/../lib/gcc/arm-none-eabi/4.8.3/../../../../arm-none-eabi/lib/armv6-m/crt0.o
__call_exitprocs                                  c:/users/kevinc/appdata/local/arduino15/packages/arduino/tools/arm-none-eabi-gcc/4.8.3-2014q1/bin/../lib/gcc/arm-none-eabi/4.8.3/../../../../arm-none-eabi/lib/armv6-m\libc_s.a(lib_a-exit.o)
__data_end__                                      build/board_startup.o
__data_start__                                    build/board_startup.o
__deregister_frame_info                           c:/users/kevinc/appdata/local/arduino15/packages/arduino/tools/arm-none-eabi-gcc/4.8.3-2014q1/bin/../lib/gcc/arm-none-eabi/4.8.3/armv6-m/crtbegin.o
__dso_handle                                      c:/users/kevinc/appdata/local/arduino15/packages/arduino/tools/arm-none-eabi-gcc/4.8.3-2014q1/bin/../lib/gcc/arm-none-eabi/4.8.3/armv6-m/crtbegin.o
__etext                                           build/board_startup.o
__init_array_end                                  c:/users/kevinc/appdata/local/arduino15/packages/arduino/tools/arm-none-eabi-gcc/4.8.3-2014q1/bin/../lib/gcc/arm-none-eabi/4.8.3/../../../../arm-none-eabi/lib/armv6-m\libc_s.a(lib_a-init.o)
__init_array_start                                c:/users/kevinc/appdata/local/arduino15/packages/arduino/tools/arm-none-eabi-gcc/4.8.3-2014q1/bin/../lib/gcc/arm-none-eabi/4.8.3/../../../../arm-none-eabi/lib/armv6-m\libc_s.a(lib_a-init.o)
__libc_fini_array                                 c:/users/kevinc/appdata/local/arduino15/packages/arduino/tools/arm-none-eabi-gcc/4.8.3-2014q1/bin/../lib/gcc/arm-none-eabi/4.8.3/../../../../arm-none-eabi/lib/armv6-m/crt0.o
__libc_init_array                                 c:/users/kevinc/appdata/local/arduino15/packages/arduino/tools/arm-none-eabi-gcc/4.8.3-2014q1/bin/../lib/gcc/arm-none-eabi/4.8.3/../../../../arm-none-eabi/lib/armv6-m\libc_s.a(lib_a-init.o)
                                                  c:/users/kevinc/appdata/local/arduino15/packages/arduino/tools/arm-none-eabi-gcc/4.8.3-2014q1/bin/../lib/gcc/arm-none-eabi/4.8.3/../../../../arm-none-eabi/lib/armv6-m/crt0.o
__preinit_array_end                               c:/users/kevinc/appdata/local/arduino15/packages/arduino/tools/arm-none-eabi-gcc/4.8.3-2014q1/bin/../lib/gcc/arm-none-eabi/4.8.3/../../../../arm-none-eabi/lib/armv6-m\libc_s.a(lib_a-init.o)
__preinit_array_start                             c:/users/kevinc/appdata/local/arduino15/packages/arduino/tools/arm-none-eabi-gcc/4.8.3-2014q1/bin/../lib/gcc/arm-none-eabi/4.8.3/../../../../arm-none-eabi/lib/armv6-m\libc_s.a(lib_a-init.o)
__register_frame_info                             c:/users/kevinc/appdata/local/arduino15/packages/arduino/tools/arm-none-eabi-gcc/4.8.3-2014q1/bin/../lib/gcc/arm-none-eabi/4.8.3/armv6-m/crtbegin.o
__sf_fake_stderr                                  c:/users/kevinc/appdata/local/arduino15/packages/arduino/tools/arm-none-eabi-gcc/4.8.3-2014q1/bin/../lib/gcc/arm-none-eabi/4.8.3/../../../../arm-none-eabi/lib/armv6-m\libc_s.a(lib_a-impure.o)
__sf_fake_stdin                                   c:/users/kevinc/appdata/local/arduino15/packages/arduino/tools/arm-none-eabi-gcc/4.8.3-2014q1/bin/../lib/gcc/arm-none-eabi/4.8.3/../../../../arm-none-eabi/lib/armv6-m\libc_s.a(lib_a-impure.o)
__sf_fake_stdout                                  c:/users/kevinc/appdata/local/arduino15/packages/arduino/tools/arm-none-eabi-gcc/4.8.3-2014q1/bin/../lib/gcc/arm-none-eabi/4.8.3/../../../../arm-none-eabi/lib/armv6-m\libc_s.a(lib_a-impure.o)
__sketch_vectors_ptr                              build/main.o
__stack                                           c:/users/kevinc/appdata/local/arduino15/packages/arduino/tools/arm-none-eabi-gcc/4.8.3-2014q1/bin/../lib/gcc/arm-none-eabi/4.8.3/../../../../arm-none-eabi/lib/armv6-m/crt0.o
_exit                                             c:/users/kevinc/appdata/local/arduino15/packages/arduino/tools/arm-none-eabi-gcc/4.8.3-2014q1/bin/../lib/gcc/arm-none-eabi/4.8.3/../../../../arm-none-eabi/lib/armv6-m\libnosys.a(_exit.o)
                                                  c:/users/kevinc/appdata/local/arduino15/packages/arduino/tools/arm-none-eabi-gcc/4.8.3-2014q1/bin/../lib/gcc/arm-none-eabi/4.8.3/../../../../arm-none-eabi/lib/armv6-m\libc_s.a(lib_a-exit.o)
_fini                                             c:/users/kevinc/appdata/local/arduino15/packages/arduino/tools/arm-none-eabi-gcc/4.8.3-2014q1/bin/../lib/gcc/arm-none-eabi/4.8.3/armv6-m/crti.o
_global_impure_ptr                                c:/users/kevinc/appdata/local/arduino15/packages/arduino/tools/arm-none-eabi-gcc/4.8.3-2014q1/bin/../lib/gcc/arm-none-eabi/4.8.3/../../../../arm-none-eabi/lib/armv6-m\libc_s.a(lib_a-impure.o)
                                                  c:/users/kevinc/appdata/local/arduino15/packages/arduino/tools/arm-none-eabi-gcc/4.8.3-2014q1/bin/../lib/gcc/arm-none-eabi/4.8.3/../../../../arm-none-eabi/lib/armv6-m\libc_s.a(lib_a-exit.o)
_impure_ptr                                       c:/users/kevinc/appdata/local/arduino15/packages/arduino/tools/arm-none-eabi-gcc/4.8.3-2014q1/bin/../lib/gcc/arm-none-eabi/4.8.3/../../../../arm-none-eabi/lib/armv6-m\libc_s.a(lib_a-impure.o)
_init                                             c:/users/kevinc/appdata/local/arduino15/packages/arduino/tools/arm-none-eabi-gcc/4.8.3-2014q1/bin/../lib/gcc/arm-none-eabi/4.8.3/armv6-m/crti.o
                                                  c:/users/kevinc/appdata/local/arduino15/packages/arduino/tools/arm-none-eabi-gcc/4.8.3-2014q1/bin/../lib/gcc/arm-none-eabi/4.8.3/../../../../arm-none-eabi/lib/armv6-m\libc_s.a(lib_a-init.o)
_mainCRTStartup                                   c:/users/kevinc/appdata/local/arduino15/packages/arduino/tools/arm-none-eabi-gcc/4.8.3-2014q1/bin/../lib/gcc/arm-none-eabi/4.8.3/../../../../arm-none-eabi/lib/armv6-m/crt0.o
_start                                            c:/users/kevinc/appdata/local/arduino15/packages/arduino/tools/arm-none-eabi-gcc/4.8.3-2014q1/bin/../lib/gcc/arm-none-eabi/4.8.3/../../../../arm-none-eabi/lib/armv6-m/crt0.o
atexit                                            c:/users/kevinc/appdata/local/arduino15/packages/arduino/tools/arm-none-eabi-gcc/4.8.3-2014q1/bin/../lib/gcc/arm-none-eabi/4.8.3/../../../../arm-none-eabi/lib/armv6-m/crt0.o
b_sam_ba_interface_usart                          build/sam_ba_monitor.o
b_sharp_received                                  build/sam_ba_serial.o
b_terminal_mode                                   build/sam_ba_monitor.o
board_init                                        build/board_init.o
                                                  build/main.o
buffer_rx_usart                                   build/sam_ba_serial.o
buffer_tx_usart                                   build/sam_ba_serial.o
call_applet                                       build/sam_ba_monitor.o
cdc_getc                                          build/sam_ba_cdc.o
                                                  build/sam_ba_monitor.o
cdc_is_rx_ready                                   build/sam_ba_cdc.o
                                                  build/sam_ba_monitor.o
cdc_putc                                          build/sam_ba_cdc.o
                                                  build/sam_ba_monitor.o
cdc_read_buf                                      build/sam_ba_cdc.o
                                                  build/sam_ba_monitor.o
cdc_read_buf_xmd                                  build/sam_ba_cdc.o
                                                  build/sam_ba_monitor.o
cdc_write_buf                                     build/sam_ba_cdc.o
                                                  build/sam_ba_monitor.o
command                                           build/sam_ba_monitor.o
current_number                                    build/sam_ba_monitor.o
data                                              build/sam_ba_monitor.o
error_timeout                                     build/sam_ba_serial.o
exception_table                                   build/board_startup.o
exit                                              c:/users/kevinc/appdata/local/arduino15/packages/arduino/tools/arm-none-eabi-gcc/4.8.3-2014q1/bin/../lib/gcc/arm-none-eabi/4.8.3/../../../../arm-none-eabi/lib/armv6-m\libc_s.a(lib_a-exit.o)
                                                  c:/users/kevinc/appdata/local/arduino15/packages/arduino/tools/arm-none-eabi-gcc/4.8.3-2014q1/bin/../lib/gcc/arm-none-eabi/4.8.3/../../../../arm-none-eabi/lib/armv6-m/crt0.o
hardware_init_hook                                c:/users/kevinc/appdata/local/arduino15/packages/arduino/tools/arm-none-eabi-gcc/4.8.3-2014q1/bin/../lib/gcc/arm-none-eabi/4.8.3/../../../../arm-none-eabi/lib/armv6-m/crt0.o
i                                                 build/sam_ba_monitor.o
idx_rx_read                                       build/sam_ba_serial.o
idx_rx_write                                      build/sam_ba_serial.o
idx_tx_read                                       build/sam_ba_serial.o
idx_tx_write                                      build/sam_ba_serial.o
j                                                 build/sam_ba_monitor.o
ledDirection                                      build/board_driver_led.o
ledKeepValue                                      build/board_driver_led.o
ledTargetValue                                    build/board_driver_led.o
length                                            build/sam_ba_monitor.o
line_coding                                       build/sam_ba_cdc.o
                                                  build/sam_ba_usb.o
main                                              build/main.o
                                                  build/board_startup.o
                                                  c:/users/kevinc/appdata/local/arduino15/packages/arduino/tools/arm-none-eabi-gcc/4.8.3-2014q1/bin/../lib/gcc/arm-none-eabi/4.8.3/../../../../arm-none-eabi/lib/armv6-m/crt0.o
memcpy                                            c:/users/kevinc/appdata/local/arduino15/packages/arduino/tools/arm-none-eabi-gcc/4.8.3-2014q1/bin/../lib/gcc/arm-none-eabi/4.8.3/../../../../arm-none-eabi/lib/armv6-m\libc_s.a(lib_a-memcpy-stub.o)
                                                  build/sam_ba_monitor.o
                                                  build/sam_ba_usb.o
                                                  build/board_driver_usb.o
memset                                            c:/users/kevinc/appdata/local/arduino15/packages/arduino/tools/arm-none-eabi-gcc/4.8.3-2014q1/bin/../lib/gcc/arm-none-eabi/4.8.3/../../../../arm-none-eabi/lib/armv6-m\libc_s.a(lib_a-memset.o)
                                                  build/board_driver_usb.o
                                                  c:/users/kevinc/appdata/local/arduino15/packages/arduino/tools/arm-none-eabi-gcc/4.8.3-2014q1/bin/../lib/gcc/arm-none-eabi/4.8.3/../../../../arm-none-eabi/lib/armv6-m/crt0.o
mode_of_transfer                                  build/sam_ba_serial.o
ptr                                               build/sam_ba_monitor.o
ptr_data                                          build/sam_ba_monitor.o
ptr_monitor_if                                    build/sam_ba_monitor.o
pulSketch_Start_Address                           build/main.o
rxLEDPulse                                        build/sam_ba_monitor.o
sam_ba_cdc                                        build/sam_ba_cdc.o
                                                  build/sam_ba_usb.o
sam_ba_monitor_init                               build/sam_ba_monitor.o
                                                  build/main.o
sam_ba_monitor_run                                build/sam_ba_monitor.o
                                                  build/main.o
sam_ba_monitor_sys_tick                           build/sam_ba_monitor.o
                                                  build/main.o
sam_ba_putdata_term                               build/sam_ba_monitor.o
sam_ba_usb_CDC_Enumerate                          build/sam_ba_usb.o
                                                  build/board_driver_usb.o
serial_add_crc                                    build/sam_ba_serial.o
                                                  build/sam_ba_monitor.o
serial_close                                      build/sam_ba_serial.o
serial_getc                                       build/sam_ba_serial.o
                                                  build/sam_ba_monitor.o
serial_getdata                                    build/sam_ba_serial.o
                                                  build/sam_ba_monitor.o
serial_getdata_xmd                                build/sam_ba_serial.o
                                                  build/sam_ba_monitor.o
serial_is_rx_ready                                build/sam_ba_serial.o
                                                  build/sam_ba_monitor.o
serial_open                                       build/sam_ba_serial.o
                                                  build/main.o
serial_putc                                       build/sam_ba_serial.o
                                                  build/sam_ba_monitor.o
serial_putdata                                    build/sam_ba_serial.o
                                                  build/sam_ba_monitor.o
serial_putdata_xmd                                build/sam_ba_serial.o
                                                  build/sam_ba_monitor.o
serial_readc                                      build/sam_ba_serial.o
serial_sharp_received                             build/sam_ba_serial.o
                                                  build/main.o
size_of_data                                      build/sam_ba_serial.o
software_init_hook                                c:/users/kevinc/appdata/local/arduino15/packages/arduino/tools/arm-none-eabi-gcc/4.8.3-2014q1/bin/../lib/gcc/arm-none-eabi/4.8.3/../../../../arm-none-eabi/lib/armv6-m/crt0.o
sp                                                build/sam_ba_monitor.o
strlen                                            c:/users/kevinc/appdata/local/arduino15/packages/arduino/tools/arm-none-eabi-gcc/4.8.3-2014q1/bin/../lib/gcc/arm-none-eabi/4.8.3/../../../../arm-none-eabi/lib/armv6-m\libc_s.a(lib_a-strlen.o)
                                                  build/sam_ba_usb.o
txLEDPulse                                        build/sam_ba_monitor.o
u32tmp                                            build/sam_ba_monitor.o
uart_basic_init                                   build/board_driver_serial.o
                                                  build/sam_ba_serial.o
uart_disable                                      build/board_driver_serial.o
                                                  build/sam_ba_serial.o
uart_drv_error_flag                               build/board_driver_serial.o
uart_if                                           build/sam_ba_monitor.o
uart_read_buffer_polled                           build/board_driver_serial.o
uart_read_byte                                    build/board_driver_serial.o
                                                  build/sam_ba_serial.o
uart_write_buffer_polled                          build/board_driver_serial.o
uart_write_byte                                   build/board_driver_serial.o
                                                  build/sam_ba_serial.o
udd_ep_in_cache_buffer                            build/board_driver_usb.o
udd_ep_out_cache_buffer                           build/sam_ba_usb.o
                                                  build/board_driver_usb.o
usb_endpoint_table                                build/board_driver_usb.o
usb_init                                          build/sam_ba_usb.o
                                                  build/main.o
usbcdc_if                                         build/sam_ba_monitor.o
